#! /c/Source/iverilog-install/bin/vvp
:ivl_version "12.0 (devel)" "(s20150603-1539-g2693dd32b)";
:ivl_delay_selection "TYPICAL";
:vpi_time_precision - 12;
:vpi_module "C:\iverilog\lib\ivl\system.vpi";
:vpi_module "C:\iverilog\lib\ivl\vhdl_sys.vpi";
:vpi_module "C:\iverilog\lib\ivl\vhdl_textio.vpi";
:vpi_module "C:\iverilog\lib\ivl\v2005_math.vpi";
:vpi_module "C:\iverilog\lib\ivl\va_math.vpi";
S_0000025c15109ce0 .scope module, "mips_tb" "mips_tb" 2 12;
 .timescale -9 -12;
v0000025c154fa340_0 .net "alu_result", 31 0, L_0000025c15559fc0;  1 drivers
v0000025c154fc000_0 .var "clk", 0 0;
v0000025c154fb6a0_0 .net "leds", 7 0, L_0000025c15559310;  1 drivers
v0000025c154fb380_0 .net "pc_out", 31 0, L_0000025c15101290;  1 drivers
v0000025c154fa160_0 .var "rst_n", 0 0;
v0000025c154fa700_0 .var "switches", 7 0;
S_0000025c1510a000 .scope module, "uut" "mips" 2 25, 3 15 0, S_0000025c15109ce0;
 .timescale -9 -12;
    .port_info 0 /INPUT 1 "clk";
    .port_info 1 /INPUT 1 "rst_n";
    .port_info 2 /INPUT 8 "switches";
    .port_info 3 /OUTPUT 8 "leds";
    .port_info 4 /OUTPUT 32 "pc_out";
    .port_info 5 /OUTPUT 32 "alu_result";
v0000025c154f88d0_0 .net "alu_ctrl_D", 2 0, v0000025c1510ba90_0;  1 drivers
v0000025c154f8970_0 .net "alu_result", 31 0, L_0000025c15559fc0;  alias, 1 drivers
v0000025c154f8dd0_0 .net "alu_src_D", 0 0, L_0000025c154fade0;  1 drivers
v0000025c154f9050_0 .net "branch_D", 0 0, L_0000025c154fae80;  1 drivers
v0000025c154f8e70_0 .net "clk", 0 0, v0000025c154fc000_0;  1 drivers
v0000025c154f9550_0 .net "flush_E", 0 0, L_0000025c15101060;  1 drivers
v0000025c154f94b0_0 .net "forward_a_D", 1 0, v0000025c154f97d0_0;  1 drivers
v0000025c154f8fb0_0 .net "forward_a_E", 1 0, v0000025c154f99b0_0;  1 drivers
v0000025c154f9190_0 .net "forward_b_D", 1 0, v0000025c154f9ff0_0;  1 drivers
v0000025c154f95f0_0 .net "forward_b_E", 1 0, v0000025c154f8bf0_0;  1 drivers
v0000025c154f9690_0 .net "instr_D", 31 0, v0000025c154f5030_0;  1 drivers
v0000025c154f9b90_0 .net "jump_D", 0 0, L_0000025c154fbb00;  1 drivers
v0000025c154fbe20_0 .net "leds", 7 0, L_0000025c15559310;  alias, 1 drivers
v0000025c154fba60_0 .net "mem_to_reg_D", 0 0, L_0000025c154faa20;  1 drivers
v0000025c154fb240_0 .net "mem_to_reg_E", 0 0, v0000025c154f4950_0;  1 drivers
v0000025c154fb920_0 .net "mem_to_reg_M", 0 0, L_0000025c15559850;  1 drivers
v0000025c154fbec0_0 .net "mem_write_D", 0 0, L_0000025c154fb9c0;  1 drivers
v0000025c154fad40_0 .net "pc_out", 31 0, L_0000025c15101290;  alias, 1 drivers
v0000025c154fb7e0_0 .net "reg_dst_D", 0 0, L_0000025c154fac00;  1 drivers
v0000025c154faf20_0 .net "reg_write_D", 0 0, L_0000025c154fb740;  1 drivers
v0000025c154fa5c0_0 .net "reg_write_E", 0 0, v0000025c154f7900_0;  1 drivers
v0000025c154fa840_0 .net "reg_write_M", 0 0, v0000025c154f6140_0;  1 drivers
v0000025c154fbce0_0 .net "reg_write_W", 0 0, L_0000025c15559f50;  1 drivers
v0000025c154fb560_0 .net "rs_D", 4 0, L_0000025c155559f0;  1 drivers
v0000025c154fbf60_0 .net "rs_E", 4 0, L_0000025c15101370;  1 drivers
v0000025c154fb600_0 .net "rst_n", 0 0, v0000025c154fa160_0;  1 drivers
v0000025c154fb1a0_0 .net "rt_D", 4 0, L_0000025c15554a50;  1 drivers
v0000025c154fb880_0 .net "rt_E", 4 0, v0000025c154f6e60_0;  1 drivers
v0000025c154fa3e0_0 .net "stall_D", 0 0, L_0000025c15101610;  1 drivers
v0000025c154fafc0_0 .net "stall_F", 0 0, L_0000025c15101450;  1 drivers
v0000025c154fa8e0_0 .net "switches", 7 0, v0000025c154fa700_0;  1 drivers
v0000025c154fbd80_0 .net "write_reg_E", 4 0, L_0000025c15100960;  1 drivers
v0000025c154fb060_0 .net "write_reg_M", 4 0, v0000025c154f6b40_0;  1 drivers
v0000025c154fb2e0_0 .net "write_reg_W", 4 0, L_0000025c15559e00;  1 drivers
L_0000025c154faac0 .part v0000025c154f5030_0, 26, 6;
L_0000025c154fbba0 .part v0000025c154f5030_0, 0, 6;
S_0000025c150be140 .scope module, "u_control" "control_unit" 3 43, 4 10 0, S_0000025c1510a000;
 .timescale -9 -12;
    .port_info 0 /INPUT 6 "opcode";
    .port_info 1 /INPUT 6 "funct";
    .port_info 2 /OUTPUT 1 "mem_to_reg";
    .port_info 3 /OUTPUT 1 "mem_write";
    .port_info 4 /OUTPUT 1 "branch";
    .port_info 5 /OUTPUT 1 "alu_src";
    .port_info 6 /OUTPUT 1 "reg_dst";
    .port_info 7 /OUTPUT 1 "reg_write";
    .port_info 8 /OUTPUT 1 "jump";
    .port_info 9 /OUTPUT 3 "alu_ctrl";
v0000025c1510ab90_0 .net "alu_ctrl", 2 0, v0000025c1510ba90_0;  alias, 1 drivers
v0000025c1510c030_0 .net "alu_op", 1 0, L_0000025c154faca0;  1 drivers
v0000025c1510b130_0 .net "alu_src", 0 0, L_0000025c154fade0;  alias, 1 drivers
v0000025c1510a910_0 .net "branch", 0 0, L_0000025c154fae80;  alias, 1 drivers
v0000025c1510bef0_0 .net "funct", 5 0, L_0000025c154fbba0;  1 drivers
v0000025c1510c3f0_0 .net "jump", 0 0, L_0000025c154fbb00;  alias, 1 drivers
v0000025c1510b450_0 .net "mem_to_reg", 0 0, L_0000025c154faa20;  alias, 1 drivers
v0000025c1510b270_0 .net "mem_write", 0 0, L_0000025c154fb9c0;  alias, 1 drivers
v0000025c1510bf90_0 .net "opcode", 5 0, L_0000025c154faac0;  1 drivers
v0000025c1510a730_0 .net "reg_dst", 0 0, L_0000025c154fac00;  alias, 1 drivers
v0000025c1510bdb0_0 .net "reg_write", 0 0, L_0000025c154fb740;  alias, 1 drivers
S_0000025c150be2d0 .scope module, "u_alu_dec" "alu_decoder" 4 36, 5 10 0, S_0000025c150be140;
 .timescale -9 -12;
    .port_info 0 /INPUT 2 "alu_op";
    .port_info 1 /INPUT 6 "funct";
    .port_info 2 /OUTPUT 3 "alu_ctrl";
v0000025c1510ba90_0 .var "alu_ctrl", 2 0;
v0000025c1510ae10_0 .net "alu_op", 1 0, L_0000025c154faca0;  alias, 1 drivers
v0000025c1510b3b0_0 .net "funct", 5 0, L_0000025c154fbba0;  alias, 1 drivers
E_0000025c150e8d10 .event anyedge, v0000025c1510ae10_0, v0000025c1510b3b0_0;
S_0000025c150920e0 .scope module, "u_main_dec" "main_decoder" 4 24, 6 17 0, S_0000025c150be140;
 .timescale -9 -12;
    .port_info 0 /INPUT 6 "opcode";
    .port_info 1 /OUTPUT 1 "mem_to_reg";
    .port_info 2 /OUTPUT 1 "mem_write";
    .port_info 3 /OUTPUT 1 "branch";
    .port_info 4 /OUTPUT 1 "alu_src";
    .port_info 5 /OUTPUT 1 "reg_dst";
    .port_info 6 /OUTPUT 1 "reg_write";
    .port_info 7 /OUTPUT 1 "jump";
    .port_info 8 /OUTPUT 2 "alu_op";
v0000025c1510c490_0 .net *"_ivl_10", 8 0, L_0000025c154fa480;  1 drivers
v0000025c1510c0d0_0 .net "alu_op", 1 0, L_0000025c154faca0;  alias, 1 drivers
v0000025c1510aaf0_0 .net "alu_src", 0 0, L_0000025c154fade0;  alias, 1 drivers
v0000025c1510bb30_0 .net "branch", 0 0, L_0000025c154fae80;  alias, 1 drivers
v0000025c1510a690_0 .var "controls", 9 0;
v0000025c1510bbd0_0 .net "jump", 0 0, L_0000025c154fbb00;  alias, 1 drivers
v0000025c1510c170_0 .net "mem_to_reg", 0 0, L_0000025c154faa20;  alias, 1 drivers
v0000025c1510aeb0_0 .net "mem_write", 0 0, L_0000025c154fb9c0;  alias, 1 drivers
v0000025c1510c210_0 .net "opcode", 5 0, L_0000025c154faac0;  alias, 1 drivers
v0000025c1510a870_0 .net "reg_dst", 0 0, L_0000025c154fac00;  alias, 1 drivers
v0000025c1510ac30_0 .net "reg_write", 0 0, L_0000025c154fb740;  alias, 1 drivers
E_0000025c150e8750 .event anyedge, v0000025c1510c210_0;
L_0000025c154fb740 .part L_0000025c154fa480, 8, 1;
L_0000025c154fac00 .part L_0000025c154fa480, 7, 1;
L_0000025c154fade0 .part L_0000025c154fa480, 6, 1;
L_0000025c154fae80 .part L_0000025c154fa480, 5, 1;
L_0000025c154fb9c0 .part L_0000025c154fa480, 4, 1;
L_0000025c154faa20 .part L_0000025c154fa480, 3, 1;
L_0000025c154fbb00 .part L_0000025c154fa480, 2, 1;
L_0000025c154faca0 .part L_0000025c154fa480, 0, 2;
L_0000025c154fa480 .part v0000025c1510a690_0, 0, 9;
S_0000025c15092270 .scope module, "u_datapath" "datapath" 3 70, 7 10 0, S_0000025c1510a000;
 .timescale -9 -12;
    .port_info 0 /INPUT 1 "clk";
    .port_info 1 /INPUT 1 "rst_n";
    .port_info 2 /INPUT 1 "reg_write_D";
    .port_info 3 /INPUT 1 "mem_to_reg_D";
    .port_info 4 /INPUT 1 "mem_write_D";
    .port_info 5 /INPUT 3 "alu_ctrl_D";
    .port_info 6 /INPUT 1 "alu_src_D";
    .port_info 7 /INPUT 1 "reg_dst_D";
    .port_info 8 /INPUT 1 "branch_D";
    .port_info 9 /INPUT 1 "jump_D";
    .port_info 10 /INPUT 1 "stall_F";
    .port_info 11 /INPUT 1 "stall_D";
    .port_info 12 /INPUT 1 "flush_E";
    .port_info 13 /INPUT 2 "forward_a_E";
    .port_info 14 /INPUT 2 "forward_b_E";
    .port_info 15 /INPUT 2 "forward_a_D";
    .port_info 16 /INPUT 2 "forward_b_D";
    .port_info 17 /OUTPUT 5 "rs_D";
    .port_info 18 /OUTPUT 5 "rt_D";
    .port_info 19 /OUTPUT 5 "rs_E";
    .port_info 20 /OUTPUT 5 "rt_E";
    .port_info 21 /OUTPUT 5 "write_reg_E";
    .port_info 22 /OUTPUT 1 "reg_write_E";
    .port_info 23 /OUTPUT 5 "write_reg_M";
    .port_info 24 /OUTPUT 5 "write_reg_W";
    .port_info 25 /OUTPUT 1 "reg_write_M";
    .port_info 26 /OUTPUT 1 "reg_write_W";
    .port_info 27 /OUTPUT 1 "mem_to_reg_E";
    .port_info 28 /OUTPUT 1 "mem_to_reg_M";
    .port_info 29 /INPUT 8 "switches";
    .port_info 30 /OUTPUT 8 "leds";
    .port_info 31 /OUTPUT 32 "instr_D";
    .port_info 32 /OUTPUT 32 "pc_out";
    .port_info 33 /OUTPUT 32 "alu_result_out";
L_0000025c151010d0 .functor NOT 1, L_0000025c15101450, C4<0>, C4<0>, C4<0>;
L_0000025c15101140 .functor OR 1, L_0000025c151010d0, L_0000025c151017d0, C4<0>, C4<0>;
L_0000025c15101290 .functor BUFZ 32, v0000025c154f1510_0, C4<00000000000000000000000000000000>, C4<00000000000000000000000000000000>, C4<00000000000000000000000000000000>;
L_0000025c15101220 .functor NOT 1, v0000025c154fc000_0, C4<0>, C4<0>, C4<0>;
L_0000025c15101300 .functor NOT 1, L_0000025c15555c70, C4<0>, C4<0>, C4<0>;
L_0000025c151017d0 .functor AND 1, L_0000025c154fae80, L_0000025c155558b0, C4<1>, C4<1>;
L_0000025c15101370 .functor BUFZ 5, v0000025c154f7180_0, C4<00000>, C4<00000>, C4<00000>;
L_0000025c15100960 .functor BUFZ 5, L_0000025c15555130, C4<00000>, C4<00000>, C4<00000>;
L_0000025c15559460 .functor BUFZ 32, v0000025c154f5f30_0, C4<00000000000000000000000000000000>, C4<00000000000000000000000000000000>, C4<00000000000000000000000000000000>;
L_0000025c15559850 .functor BUFZ 1, v0000025c154f50d0_0, C4<0>, C4<0>, C4<0>;
L_0000025c15559e00 .functor BUFZ 5, v0000025c154f6be0_0, C4<00000>, C4<00000>, C4<00000>;
L_0000025c15559f50 .functor BUFZ 1, v0000025c154f79a0_0, C4<0>, C4<0>, C4<0>;
L_0000025c15559d20 .functor BUFZ 1, v0000025c154f79a0_0, C4<0>, C4<0>, C4<0>;
L_0000025c15559690 .functor BUFZ 5, v0000025c154f6be0_0, C4<00000>, C4<00000>, C4<00000>;
L_0000025c15559fc0 .functor BUFZ 32, L_0000025c1555c8a0, C4<00000000000000000000000000000000>, C4<00000000000000000000000000000000>, C4<00000000000000000000000000000000>;
v0000025c154f0750_0 .net *"_ivl_0", 0 0, L_0000025c151010d0;  1 drivers
L_0000025c154fc5a8 .functor BUFT 1, C4<01>, C4<0>, C4<0>, C4<0>;
v0000025c154f1f10_0 .net/2u *"_ivl_100", 1 0, L_0000025c154fc5a8;  1 drivers
v0000025c154f10b0_0 .net *"_ivl_102", 0 0, L_0000025c15554730;  1 drivers
v0000025c154f09d0_0 .net *"_ivl_104", 31 0, L_0000025c155547d0;  1 drivers
L_0000025c154fc5f0 .functor BUFT 1, C4<10>, C4<0>, C4<0>, C4<0>;
v0000025c154f1fb0_0 .net/2u *"_ivl_108", 1 0, L_0000025c154fc5f0;  1 drivers
v0000025c154f11f0_0 .net *"_ivl_11", 25 0, L_0000025c15555db0;  1 drivers
v0000025c154f02f0_0 .net *"_ivl_110", 0 0, L_0000025c15554cd0;  1 drivers
L_0000025c154fc638 .functor BUFT 1, C4<01>, C4<0>, C4<0>, C4<0>;
v0000025c154f16f0_0 .net/2u *"_ivl_112", 1 0, L_0000025c154fc638;  1 drivers
v0000025c154f0110_0 .net *"_ivl_114", 0 0, L_0000025c15555450;  1 drivers
v0000025c154f1790_0 .net *"_ivl_116", 31 0, L_0000025c15554d70;  1 drivers
L_0000025c154fc1b8 .functor BUFT 1, C4<00>, C4<0>, C4<0>, C4<0>;
v0000025c154f0250_0 .net/2u *"_ivl_12", 1 0, L_0000025c154fc1b8;  1 drivers
v0000025c154f0390_0 .net *"_ivl_14", 31 0, L_0000025c15555950;  1 drivers
v0000025c154f1830_0 .net *"_ivl_16", 31 0, L_0000025c15555ef0;  1 drivers
v0000025c154f1290_0 .net *"_ivl_31", 0 0, L_0000025c15556030;  1 drivers
v0000025c154f1330_0 .net *"_ivl_32", 15 0, L_0000025c155549b0;  1 drivers
v0000025c154f0a70_0 .net *"_ivl_35", 15 0, L_0000025c15555a90;  1 drivers
L_0000025c154fc170 .functor BUFT 1, C4<00000000000000000000000000000100>, C4<0>, C4<0>, C4<0>;
v0000025c154f1970_0 .net/2u *"_ivl_4", 31 0, L_0000025c154fc170;  1 drivers
L_0000025c154fc3b0 .functor BUFT 1, C4<10>, C4<0>, C4<0>, C4<0>;
v0000025c154f0430_0 .net/2u *"_ivl_42", 1 0, L_0000025c154fc3b0;  1 drivers
v0000025c154f04d0_0 .net *"_ivl_44", 0 0, L_0000025c15554af0;  1 drivers
L_0000025c154fc3f8 .functor BUFT 1, C4<01>, C4<0>, C4<0>, C4<0>;
v0000025c154f4130_0 .net/2u *"_ivl_46", 1 0, L_0000025c154fc3f8;  1 drivers
v0000025c154f55d0_0 .net *"_ivl_48", 0 0, L_0000025c15555f90;  1 drivers
v0000025c154f5fd0_0 .net *"_ivl_50", 31 0, L_0000025c15554b90;  1 drivers
L_0000025c154fc440 .functor BUFT 1, C4<10>, C4<0>, C4<0>, C4<0>;
v0000025c154f4b30_0 .net/2u *"_ivl_54", 1 0, L_0000025c154fc440;  1 drivers
v0000025c154f5cb0_0 .net *"_ivl_56", 0 0, L_0000025c15554230;  1 drivers
L_0000025c154fc488 .functor BUFT 1, C4<01>, C4<0>, C4<0>, C4<0>;
v0000025c154f5670_0 .net/2u *"_ivl_58", 1 0, L_0000025c154fc488;  1 drivers
v0000025c154f49f0_0 .net *"_ivl_60", 0 0, L_0000025c15555090;  1 drivers
v0000025c154f5d50_0 .net *"_ivl_62", 31 0, L_0000025c15555d10;  1 drivers
v0000025c154f44f0_0 .net *"_ivl_66", 31 0, L_0000025c15555bd0;  1 drivers
v0000025c154f5210_0 .net *"_ivl_68", 29 0, L_0000025c155542d0;  1 drivers
L_0000025c154fc4d0 .functor BUFT 1, C4<00>, C4<0>, C4<0>, C4<0>;
v0000025c154f5490_0 .net *"_ivl_70", 1 0, L_0000025c154fc4d0;  1 drivers
v0000025c154f5a30_0 .net *"_ivl_77", 5 0, L_0000025c155544b0;  1 drivers
L_0000025c154fc518 .functor BUFT 1, C4<000101>, C4<0>, C4<0>, C4<0>;
v0000025c154f41d0_0 .net/2u *"_ivl_78", 5 0, L_0000025c154fc518;  1 drivers
v0000025c154f4c70_0 .net *"_ivl_82", 0 0, L_0000025c15101300;  1 drivers
v0000025c154f4310_0 .net *"_ivl_84", 0 0, L_0000025c155558b0;  1 drivers
v0000025c154f5990_0 .net *"_ivl_9", 3 0, L_0000025c154fab60;  1 drivers
L_0000025c154fc560 .functor BUFT 1, C4<10>, C4<0>, C4<0>, C4<0>;
v0000025c154f4d10_0 .net/2u *"_ivl_96", 1 0, L_0000025c154fc560;  1 drivers
v0000025c154f4450_0 .net *"_ivl_98", 0 0, L_0000025c155545f0;  1 drivers
v0000025c154f5ad0_0 .net "alu_ctrl_D", 2 0, v0000025c1510ba90_0;  alias, 1 drivers
v0000025c154f5530_0 .var "alu_ctrl_E", 2 0;
v0000025c154f4ef0_0 .net "alu_result_E", 31 0, v0000025c1510c2b0_0;  1 drivers
v0000025c154f5f30_0 .var "alu_result_M_reg", 31 0;
v0000025c154f4270_0 .net "alu_result_M_wire", 31 0, L_0000025c15559460;  1 drivers
v0000025c154f5350_0 .var "alu_result_W", 31 0;
v0000025c154f5b70_0 .net "alu_result_out", 31 0, L_0000025c15559fc0;  alias, 1 drivers
v0000025c154f5710_0 .net "alu_src_D", 0 0, L_0000025c154fade0;  alias, 1 drivers
v0000025c154f5df0_0 .var "alu_src_E", 0 0;
v0000025c154f5e90_0 .net "bne_D", 0 0, L_0000025c15554550;  1 drivers
v0000025c154f43b0_0 .net "branch_D", 0 0, L_0000025c154fae80;  alias, 1 drivers
v0000025c154f4590_0 .net "clk", 0 0, v0000025c154fc000_0;  alias, 1 drivers
v0000025c154f57b0_0 .net "equal_D", 0 0, L_0000025c15555c70;  1 drivers
v0000025c154f4770_0 .net "flush_E", 0 0, L_0000025c15101060;  alias, 1 drivers
v0000025c154f4bd0_0 .net "forward_a_D", 1 0, v0000025c154f97d0_0;  alias, 1 drivers
v0000025c154f4630_0 .net "forward_a_E", 1 0, v0000025c154f99b0_0;  alias, 1 drivers
v0000025c154f5c10_0 .net "forward_b_D", 1 0, v0000025c154f9ff0_0;  alias, 1 drivers
v0000025c154f46d0_0 .net "forward_b_E", 1 0, v0000025c154f8bf0_0;  alias, 1 drivers
v0000025c154f4810_0 .net "instr_D", 31 0, v0000025c154f5030_0;  alias, 1 drivers
v0000025c154f5030_0 .var "instr_D_reg", 31 0;
v0000025c154f4e50_0 .net "instr_F", 31 0, L_0000025c151011b0;  1 drivers
v0000025c154f4f90_0 .net "jump_D", 0 0, L_0000025c154fbb00;  alias, 1 drivers
v0000025c154f4db0_0 .net "leds", 7 0, L_0000025c15559310;  alias, 1 drivers
v0000025c154f52b0_0 .net "mem_to_reg_D", 0 0, L_0000025c154faa20;  alias, 1 drivers
v0000025c154f48b0_0 .net "mem_to_reg_E", 0 0, v0000025c154f4950_0;  alias, 1 drivers
v0000025c154f4950_0 .var "mem_to_reg_E_reg", 0 0;
v0000025c154f4a90_0 .net "mem_to_reg_M", 0 0, L_0000025c15559850;  alias, 1 drivers
v0000025c154f50d0_0 .var "mem_to_reg_M_reg", 0 0;
v0000025c154f5170_0 .var "mem_to_reg_W", 0 0;
v0000025c154f58f0_0 .net "mem_write_D", 0 0, L_0000025c154fb9c0;  alias, 1 drivers
v0000025c154f53f0_0 .var "mem_write_E", 0 0;
v0000025c154f5850_0 .var "mem_write_M", 0 0;
v0000025c154f7860_0 .net "pc_F", 31 0, v0000025c154f1510_0;  1 drivers
v0000025c154f6280_0 .net "pc_branch_D", 31 0, L_0000025c15554370;  1 drivers
v0000025c154f6820_0 .net "pc_next_F", 31 0, L_0000025c15554f50;  1 drivers
v0000025c154f7540_0 .net "pc_out", 31 0, L_0000025c15101290;  alias, 1 drivers
v0000025c154f6320_0 .var "pc_plus4_D", 31 0;
v0000025c154f7cc0_0 .net "pc_plus4_F", 31 0, L_0000025c154fa980;  1 drivers
v0000025c154f6780_0 .net "pc_src_D", 0 0, L_0000025c151017d0;  1 drivers
v0000025c154f6f00_0 .net "rd1_D", 31 0, L_0000025c155551d0;  1 drivers
v0000025c154f7ea0_0 .var "rd1_E", 31 0;
v0000025c154f65a0_0 .net "rd2_D", 31 0, L_0000025c15554690;  1 drivers
v0000025c154f6460_0 .var "rd2_E", 31 0;
v0000025c154f6960_0 .var "rd_E", 4 0;
v0000025c154f7b80_0 .net "read_data_M", 31 0, v0000025c1510b770_0;  1 drivers
v0000025c154f7360_0 .var "read_data_W", 31 0;
v0000025c154f7220_0 .net "reg_dst_D", 0 0, L_0000025c154fac00;  alias, 1 drivers
v0000025c154f7e00_0 .var "reg_dst_E", 0 0;
v0000025c154f6dc0_0 .net "reg_write_D", 0 0, L_0000025c154fb740;  alias, 1 drivers
v0000025c154f6c80_0 .net "reg_write_E", 0 0, v0000025c154f7900_0;  alias, 1 drivers
v0000025c154f7900_0 .var "reg_write_E_reg", 0 0;
v0000025c154f7fe0_0 .net "reg_write_M", 0 0, v0000025c154f6140_0;  alias, 1 drivers
v0000025c154f6140_0 .var "reg_write_M_reg", 0 0;
v0000025c154f77c0_0 .net "reg_write_W", 0 0, L_0000025c15559f50;  alias, 1 drivers
v0000025c154f79a0_0 .var "reg_write_W_reg", 0 0;
v0000025c154f74a0_0 .net "reg_write_W_wire", 0 0, L_0000025c15559d20;  1 drivers
v0000025c154f7a40_0 .net "result_W", 31 0, L_0000025c1555c8a0;  1 drivers
v0000025c154f7ae0_0 .net "rs_D", 4 0, L_0000025c155559f0;  alias, 1 drivers
v0000025c154f68c0_0 .net "rs_E", 4 0, L_0000025c15101370;  alias, 1 drivers
v0000025c154f7180_0 .var "rs_E_reg", 4 0;
v0000025c154f72c0_0 .net "rst_n", 0 0, v0000025c154fa160_0;  alias, 1 drivers
v0000025c154f6a00_0 .net "rt_D", 4 0, L_0000025c15554a50;  alias, 1 drivers
v0000025c154f70e0_0 .net "rt_E", 4 0, v0000025c154f6e60_0;  alias, 1 drivers
v0000025c154f6e60_0 .var "rt_E_reg", 4 0;
v0000025c154f7400_0 .net "sign_imm_D", 31 0, L_0000025c15555590;  1 drivers
v0000025c154f7f40_0 .var "sign_imm_E", 31 0;
v0000025c154f7c20_0 .net "src_a_D", 31 0, L_0000025c15554190;  1 drivers
v0000025c154f6aa0_0 .net "src_a_E_final", 31 0, L_0000025c15554c30;  1 drivers
v0000025c154f6640_0 .net "src_b_D", 31 0, L_0000025c155556d0;  1 drivers
v0000025c154f75e0_0 .net "src_b_E_final", 31 0, L_0000025c15555310;  1 drivers
v0000025c154f61e0_0 .net "src_b_E_temp", 31 0, L_0000025c15554eb0;  1 drivers
v0000025c154f7680_0 .net "stall_D", 0 0, L_0000025c15101610;  alias, 1 drivers
v0000025c154f63c0_0 .net "stall_F", 0 0, L_0000025c15101450;  alias, 1 drivers
v0000025c154f6d20_0 .net "switches", 7 0, v0000025c154fa700_0;  alias, 1 drivers
v0000025c154f7720_0 .var "write_data_M", 31 0;
v0000025c154f6500_0 .net "write_reg_E", 4 0, L_0000025c15100960;  alias, 1 drivers
v0000025c154f66e0_0 .net "write_reg_E_wire", 4 0, L_0000025c15555130;  1 drivers
v0000025c154f7d60_0 .net "write_reg_M", 4 0, v0000025c154f6b40_0;  alias, 1 drivers
v0000025c154f6b40_0 .var "write_reg_M_reg", 4 0;
v0000025c154f7040_0 .net "write_reg_W", 4 0, L_0000025c15559e00;  alias, 1 drivers
v0000025c154f6be0_0 .var "write_reg_W_reg", 4 0;
v0000025c154f6fa0_0 .net "write_reg_W_wire", 4 0, L_0000025c15559690;  1 drivers
v0000025c154f8ab0_0 .net "zero_E", 0 0, L_0000025c155553b0;  1 drivers
L_0000025c154fa980 .arith/sum 32, v0000025c154f1510_0, L_0000025c154fc170;
L_0000025c154fab60 .part v0000025c154f6320_0, 28, 4;
L_0000025c15555db0 .part v0000025c154f5030_0, 0, 26;
L_0000025c15555950 .concat [ 2 26 4 0], L_0000025c154fc1b8, L_0000025c15555db0, L_0000025c154fab60;
L_0000025c15555ef0 .functor MUXZ 32, L_0000025c154fa980, L_0000025c15555950, L_0000025c154fbb00, C4<>;
L_0000025c15554f50 .functor MUXZ 32, L_0000025c15555ef0, L_0000025c15554370, L_0000025c151017d0, C4<>;
L_0000025c15554870 .part v0000025c154f5030_0, 21, 5;
L_0000025c15554e10 .part v0000025c154f5030_0, 16, 5;
L_0000025c15556030 .part v0000025c154f5030_0, 15, 1;
LS_0000025c155549b0_0_0 .concat [ 1 1 1 1], L_0000025c15556030, L_0000025c15556030, L_0000025c15556030, L_0000025c15556030;
LS_0000025c155549b0_0_4 .concat [ 1 1 1 1], L_0000025c15556030, L_0000025c15556030, L_0000025c15556030, L_0000025c15556030;
LS_0000025c155549b0_0_8 .concat [ 1 1 1 1], L_0000025c15556030, L_0000025c15556030, L_0000025c15556030, L_0000025c15556030;
LS_0000025c155549b0_0_12 .concat [ 1 1 1 1], L_0000025c15556030, L_0000025c15556030, L_0000025c15556030, L_0000025c15556030;
L_0000025c155549b0 .concat [ 4 4 4 4], LS_0000025c155549b0_0_0, LS_0000025c155549b0_0_4, LS_0000025c155549b0_0_8, LS_0000025c155549b0_0_12;
L_0000025c15555a90 .part v0000025c154f5030_0, 0, 16;
L_0000025c15555590 .concat [ 16 16 0 0], L_0000025c15555a90, L_0000025c155549b0;
L_0000025c155559f0 .part v0000025c154f5030_0, 21, 5;
L_0000025c15554a50 .part v0000025c154f5030_0, 16, 5;
L_0000025c15554af0 .cmp/eq 2, v0000025c154f97d0_0, L_0000025c154fc3b0;
L_0000025c15555f90 .cmp/eq 2, v0000025c154f97d0_0, L_0000025c154fc3f8;
L_0000025c15554b90 .functor MUXZ 32, L_0000025c155551d0, L_0000025c1555c8a0, L_0000025c15555f90, C4<>;
L_0000025c15554190 .functor MUXZ 32, L_0000025c15554b90, L_0000025c15559460, L_0000025c15554af0, C4<>;
L_0000025c15554230 .cmp/eq 2, v0000025c154f9ff0_0, L_0000025c154fc440;
L_0000025c15555090 .cmp/eq 2, v0000025c154f9ff0_0, L_0000025c154fc488;
L_0000025c15555d10 .functor MUXZ 32, L_0000025c15554690, L_0000025c1555c8a0, L_0000025c15555090, C4<>;
L_0000025c155556d0 .functor MUXZ 32, L_0000025c15555d10, L_0000025c15559460, L_0000025c15554230, C4<>;
L_0000025c155542d0 .part L_0000025c15555590, 0, 30;
L_0000025c15555bd0 .concat [ 2 30 0 0], L_0000025c154fc4d0, L_0000025c155542d0;
L_0000025c15554370 .arith/sum 32, v0000025c154f6320_0, L_0000025c15555bd0;
L_0000025c15555c70 .cmp/eq 32, L_0000025c15554190, L_0000025c155556d0;
L_0000025c155544b0 .part v0000025c154f5030_0, 26, 6;
L_0000025c15554550 .cmp/eq 6, L_0000025c155544b0, L_0000025c154fc518;
L_0000025c155558b0 .functor MUXZ 1, L_0000025c15555c70, L_0000025c15101300, L_0000025c15554550, C4<>;
L_0000025c155545f0 .cmp/eq 2, v0000025c154f99b0_0, L_0000025c154fc560;
L_0000025c15554730 .cmp/eq 2, v0000025c154f99b0_0, L_0000025c154fc5a8;
L_0000025c155547d0 .functor MUXZ 32, v0000025c154f7ea0_0, L_0000025c1555c8a0, L_0000025c15554730, C4<>;
L_0000025c15554c30 .functor MUXZ 32, L_0000025c155547d0, L_0000025c15559460, L_0000025c155545f0, C4<>;
L_0000025c15554cd0 .cmp/eq 2, v0000025c154f8bf0_0, L_0000025c154fc5f0;
L_0000025c15555450 .cmp/eq 2, v0000025c154f8bf0_0, L_0000025c154fc638;
L_0000025c15554d70 .functor MUXZ 32, v0000025c154f6460_0, L_0000025c1555c8a0, L_0000025c15555450, C4<>;
L_0000025c15554eb0 .functor MUXZ 32, L_0000025c15554d70, L_0000025c15559460, L_0000025c15554cd0, C4<>;
L_0000025c15555310 .functor MUXZ 32, L_0000025c15554eb0, v0000025c154f7f40_0, v0000025c154f5df0_0, C4<>;
L_0000025c15555130 .functor MUXZ 5, v0000025c154f6e60_0, v0000025c154f6960_0, v0000025c154f7e00_0, C4<>;
L_0000025c1555c8a0 .functor MUXZ 32, v0000025c154f5350_0, v0000025c154f7360_0, v0000025c154f5170_0, C4<>;
S_0000025c15085950 .scope module, "u_alu" "alu" 7 131, 8 9 0, S_0000025c15092270;
 .timescale -9 -12;
    .port_info 0 /INPUT 32 "src_a";
    .port_info 1 /INPUT 32 "src_b";
    .port_info 2 /INPUT 3 "alu_ctrl";
    .port_info 3 /OUTPUT 32 "result";
    .port_info 4 /OUTPUT 1 "zero";
L_0000025c154fc680 .functor BUFT 1, C4<00000000000000000000000000000000>, C4<0>, C4<0>, C4<0>;
v0000025c1510b6d0_0 .net/2u *"_ivl_0", 31 0, L_0000025c154fc680;  1 drivers
v0000025c1510bc70_0 .net "alu_ctrl", 2 0, v0000025c154f5530_0;  1 drivers
v0000025c1510c2b0_0 .var "result", 31 0;
v0000025c1510c350_0 .net "src_a", 31 0, L_0000025c15554c30;  alias, 1 drivers
v0000025c1510af50_0 .net "src_b", 31 0, L_0000025c15555310;  alias, 1 drivers
v0000025c1510c530_0 .net "zero", 0 0, L_0000025c155553b0;  alias, 1 drivers
E_0000025c150e8850 .event anyedge, v0000025c1510bc70_0, v0000025c1510c350_0, v0000025c1510af50_0;
L_0000025c155553b0 .cmp/eq 32, v0000025c1510c2b0_0, L_0000025c154fc680;
S_0000025c15099c60 .scope module, "u_data_mem" "data_memory" 7 156, 9 14 0, S_0000025c15092270;
 .timescale -9 -12;
    .port_info 0 /INPUT 1 "clk";
    .port_info 1 /INPUT 1 "rst_n";
    .port_info 2 /INPUT 1 "mem_write_en";
    .port_info 3 /INPUT 32 "addr";
    .port_info 4 /INPUT 32 "write_data";
    .port_info 5 /INPUT 8 "switches";
    .port_info 6 /OUTPUT 8 "leds_out";
    .port_info 7 /OUTPUT 32 "read_data";
L_0000025c15559bd0 .functor BUFZ 32, L_0000025c155554f0, C4<00000000000000000000000000000000>, C4<00000000000000000000000000000000>, C4<00000000000000000000000000000000>;
L_0000025c15559310 .functor BUFZ 8, v0000025c1510b630_0, C4<00000000>, C4<00000000>, C4<00000000>;
v0000025c1510a7d0_0 .net *"_ivl_0", 31 0, L_0000025c155554f0;  1 drivers
v0000025c1510aa50_0 .net *"_ivl_3", 5 0, L_0000025c15555630;  1 drivers
v0000025c1510be50_0 .net *"_ivl_4", 7 0, L_0000025c15555770;  1 drivers
L_0000025c154fc6c8 .functor BUFT 1, C4<00>, C4<0>, C4<0>, C4<0>;
v0000025c1510aff0_0 .net *"_ivl_7", 1 0, L_0000025c154fc6c8;  1 drivers
v0000025c1510a9b0_0 .net "addr", 31 0, v0000025c154f5f30_0;  1 drivers
v0000025c1510acd0_0 .net "clk", 0 0, v0000025c154fc000_0;  alias, 1 drivers
v0000025c1510b630_0 .var "leds", 7 0;
v0000025c1510ad70_0 .net "leds_out", 7 0, L_0000025c15559310;  alias, 1 drivers
v0000025c1510b1d0_0 .net "mem_write_en", 0 0, v0000025c154f5850_0;  1 drivers
v0000025c1510b310 .array "ram", 63 0, 31 0;
v0000025c1510b4f0_0 .net "ram_out", 31 0, L_0000025c15559bd0;  1 drivers
v0000025c1510b770_0 .var "read_data", 31 0;
v0000025c1510b810_0 .net "rst_n", 0 0, v0000025c154fa160_0;  alias, 1 drivers
v0000025c1510b8b0_0 .net "switches", 7 0, v0000025c154fa700_0;  alias, 1 drivers
v0000025c1510b9f0_0 .net "write_data", 31 0, v0000025c154f7720_0;  1 drivers
E_0000025c150e8ed0 .event anyedge, v0000025c1510a9b0_0, v0000025c1510b8b0_0, v0000025c1510b630_0, v0000025c1510b4f0_0;
E_0000025c150e8f10 .event posedge, v0000025c1510acd0_0;
L_0000025c155554f0 .array/port v0000025c1510b310, L_0000025c15555770;
L_0000025c15555630 .part v0000025c154f5f30_0, 2, 6;
L_0000025c15555770 .concat [ 6 2 0 0], L_0000025c15555630, L_0000025c154fc6c8;
S_0000025c15099df0 .scope module, "u_imem" "instruction_memory" 7 48, 10 10 0, S_0000025c15092270;
 .timescale -9 -12;
    .port_info 0 /INPUT 32 "addr";
    .port_info 1 /OUTPUT 32 "rd";
P_0000025c1516ec30 .param/l "DEPTH" 0 10 12, +C4<00000000000000000000000100000000>;
P_0000025c1516ec68 .param/l "WIDTH" 0 10 11, +C4<00000000000000000000000000100000>;
L_0000025c151011b0 .functor BUFZ 32, L_0000025c154fbc40, C4<00000000000000000000000000000000>, C4<00000000000000000000000000000000>, C4<00000000000000000000000000000000>;
v0000025c1510bd10_0 .net *"_ivl_0", 31 0, L_0000025c154fbc40;  1 drivers
v0000025c154f0610_0 .net *"_ivl_3", 29 0, L_0000025c154fa7a0;  1 drivers
v0000025c154f1c90_0 .net "addr", 31 0, v0000025c154f1510_0;  alias, 1 drivers
v0000025c154f0ed0 .array "ram", 255 0, 31 0;
v0000025c154f0c50_0 .net "rd", 31 0, L_0000025c151011b0;  alias, 1 drivers
L_0000025c154fbc40 .array/port v0000025c154f0ed0, L_0000025c154fa7a0;
L_0000025c154fa7a0 .part v0000025c154f1510_0, 2, 30;
S_0000025c150cbdb0 .scope module, "u_pc" "pc" 7 47, 11 10 0, S_0000025c15092270;
 .timescale -9 -12;
    .port_info 0 /INPUT 1 "clk";
    .port_info 1 /INPUT 1 "rst_n";
    .port_info 2 /INPUT 1 "en";
    .port_info 3 /INPUT 32 "pc_next";
    .port_info 4 /OUTPUT 32 "pc";
v0000025c154f13d0_0 .net "clk", 0 0, v0000025c154fc000_0;  alias, 1 drivers
v0000025c154f1a10_0 .net "en", 0 0, L_0000025c15101140;  1 drivers
v0000025c154f1510_0 .var "pc", 31 0;
v0000025c154f0cf0_0 .net "pc_next", 31 0, L_0000025c15554f50;  alias, 1 drivers
v0000025c154f0b10_0 .net "rst_n", 0 0, v0000025c154fa160_0;  alias, 1 drivers
E_0000025c150e8f90/0 .event negedge, v0000025c1510b810_0;
E_0000025c150e8f90/1 .event posedge, v0000025c1510acd0_0;
E_0000025c150e8f90 .event/or E_0000025c150e8f90/0, E_0000025c150e8f90/1;
S_0000025c150cbf40 .scope module, "u_reg_file" "reg_file" 7 74, 12 11 0, S_0000025c15092270;
 .timescale -9 -12;
    .port_info 0 /INPUT 1 "clk";
    .port_info 1 /INPUT 1 "we3";
    .port_info 2 /INPUT 5 "wa3";
    .port_info 3 /INPUT 32 "wd3";
    .port_info 4 /INPUT 5 "ra1";
    .port_info 5 /INPUT 5 "ra2";
    .port_info 6 /OUTPUT 32 "rd1";
    .port_info 7 /OUTPUT 32 "rd2";
L_0000025c154fc200 .functor BUFT 1, C4<00000>, C4<0>, C4<0>, C4<0>;
v0000025c154f0890_0 .net/2u *"_ivl_0", 4 0, L_0000025c154fc200;  1 drivers
L_0000025c154fc290 .functor BUFT 1, C4<00>, C4<0>, C4<0>, C4<0>;
v0000025c154f1ab0_0 .net *"_ivl_11", 1 0, L_0000025c154fc290;  1 drivers
L_0000025c154fc2d8 .functor BUFT 1, C4<00000>, C4<0>, C4<0>, C4<0>;
v0000025c154f1470_0 .net/2u *"_ivl_14", 4 0, L_0000025c154fc2d8;  1 drivers
v0000025c154f0e30_0 .net *"_ivl_16", 0 0, L_0000025c15555810;  1 drivers
L_0000025c154fc320 .functor BUFT 1, C4<00000000000000000000000000000000>, C4<0>, C4<0>, C4<0>;
v0000025c154f15b0_0 .net/2u *"_ivl_18", 31 0, L_0000025c154fc320;  1 drivers
v0000025c154f0570_0 .net *"_ivl_2", 0 0, L_0000025c15554410;  1 drivers
v0000025c154f07f0_0 .net *"_ivl_20", 31 0, L_0000025c15555e50;  1 drivers
v0000025c154f1e70_0 .net *"_ivl_22", 6 0, L_0000025c15555270;  1 drivers
L_0000025c154fc368 .functor BUFT 1, C4<00>, C4<0>, C4<0>, C4<0>;
v0000025c154f1b50_0 .net *"_ivl_25", 1 0, L_0000025c154fc368;  1 drivers
L_0000025c154fc248 .functor BUFT 1, C4<00000000000000000000000000000000>, C4<0>, C4<0>, C4<0>;
v0000025c154f1650_0 .net/2u *"_ivl_4", 31 0, L_0000025c154fc248;  1 drivers
v0000025c154f1bf0_0 .net *"_ivl_6", 31 0, L_0000025c15554ff0;  1 drivers
v0000025c154f1d30_0 .net *"_ivl_8", 6 0, L_0000025c15554910;  1 drivers
v0000025c154f0f70_0 .net "clk", 0 0, L_0000025c15101220;  1 drivers
v0000025c154f0930_0 .var/i "i", 31 0;
v0000025c154f1dd0_0 .net "ra1", 4 0, L_0000025c15554870;  1 drivers
v0000025c154f1010_0 .net "ra2", 4 0, L_0000025c15554e10;  1 drivers
v0000025c154f1150_0 .net "rd1", 31 0, L_0000025c155551d0;  alias, 1 drivers
v0000025c154f18d0_0 .net "rd2", 31 0, L_0000025c15554690;  alias, 1 drivers
v0000025c154f06b0 .array "rf", 0 31, 31 0;
v0000025c154f0bb0_0 .net "wa3", 4 0, L_0000025c15559690;  alias, 1 drivers
v0000025c154f01b0_0 .net "wd3", 31 0, L_0000025c1555c8a0;  alias, 1 drivers
v0000025c154f0d90_0 .net "we3", 0 0, L_0000025c15559d20;  alias, 1 drivers
E_0000025c150e8690 .event posedge, v0000025c154f0f70_0;
L_0000025c15554410 .cmp/eq 5, L_0000025c15554870, L_0000025c154fc200;
L_0000025c15554ff0 .array/port v0000025c154f06b0, L_0000025c15554910;
L_0000025c15554910 .concat [ 5 2 0 0], L_0000025c15554870, L_0000025c154fc290;
L_0000025c155551d0 .functor MUXZ 32, L_0000025c15554ff0, L_0000025c154fc248, L_0000025c15554410, C4<>;
L_0000025c15555810 .cmp/eq 5, L_0000025c15554e10, L_0000025c154fc2d8;
L_0000025c15555e50 .array/port v0000025c154f06b0, L_0000025c15555270;
L_0000025c15555270 .concat [ 5 2 0 0], L_0000025c15554e10, L_0000025c154fc368;
L_0000025c15554690 .functor MUXZ 32, L_0000025c15555e50, L_0000025c154fc320, L_0000025c15555810, C4<>;
S_0000025c150837c0 .scope module, "u_hazard" "hazard_unit" 3 57, 13 15 0, S_0000025c1510a000;
 .timescale -9 -12;
    .port_info 0 /INPUT 5 "rs_E";
    .port_info 1 /INPUT 5 "rt_E";
    .port_info 2 /INPUT 5 "write_reg_E";
    .port_info 3 /INPUT 1 "reg_write_E";
    .port_info 4 /INPUT 1 "mem_to_reg_E";
    .port_info 5 /INPUT 5 "write_reg_M";
    .port_info 6 /INPUT 1 "reg_write_M";
    .port_info 7 /INPUT 1 "mem_to_reg_M";
    .port_info 8 /INPUT 5 "write_reg_W";
    .port_info 9 /INPUT 1 "reg_write_W";
    .port_info 10 /INPUT 5 "rs_D";
    .port_info 11 /INPUT 5 "rt_D";
    .port_info 12 /INPUT 1 "branch_D";
    .port_info 13 /OUTPUT 2 "forward_a_E";
    .port_info 14 /OUTPUT 2 "forward_b_E";
    .port_info 15 /OUTPUT 2 "forward_a_D";
    .port_info 16 /OUTPUT 2 "forward_b_D";
    .port_info 17 /OUTPUT 1 "stall_F";
    .port_info 18 /OUTPUT 1 "stall_D";
    .port_info 19 /OUTPUT 1 "flush_E";
L_0000025c15100b20 .functor OR 1, L_0000025c154fb4c0, L_0000025c154fb100, C4<0>, C4<0>;
L_0000025c15100ce0 .functor AND 1, v0000025c154f4950_0, L_0000025c15100b20, C4<1>, C4<1>;
L_0000025c15100b90 .functor OR 1, L_0000025c154fa200, L_0000025c154fa2a0, C4<0>, C4<0>;
L_0000025c15100f10 .functor AND 1, v0000025c154f7900_0, L_0000025c15100b90, C4<1>, C4<1>;
L_0000025c15100a40 .functor AND 1, v0000025c154f6140_0, L_0000025c154fb420, C4<1>, C4<1>;
L_0000025c15100e30 .functor OR 1, L_0000025c154fa520, L_0000025c154fa660, C4<0>, C4<0>;
L_0000025c15100d50 .functor AND 1, L_0000025c15100a40, L_0000025c15100e30, C4<1>, C4<1>;
L_0000025c151013e0 .functor OR 1, L_0000025c15100f10, L_0000025c15100d50, C4<0>, C4<0>;
L_0000025c15100ab0 .functor AND 1, L_0000025c154fae80, L_0000025c151013e0, C4<1>, C4<1>;
L_0000025c15101450 .functor OR 1, L_0000025c15100ce0, L_0000025c15100ab0, C4<0>, C4<0>;
L_0000025c15101610 .functor OR 1, L_0000025c15100ce0, L_0000025c15100ab0, C4<0>, C4<0>;
L_0000025c15101060 .functor OR 1, L_0000025c15100ce0, L_0000025c15100ab0, C4<0>, C4<0>;
v0000025c154f81f0_0 .net *"_ivl_0", 0 0, L_0000025c154fb4c0;  1 drivers
v0000025c154f9870_0 .net *"_ivl_10", 0 0, L_0000025c154fa2a0;  1 drivers
v0000025c154f9cd0_0 .net *"_ivl_13", 0 0, L_0000025c15100b90;  1 drivers
v0000025c154f9230_0 .net *"_ivl_15", 0 0, L_0000025c15100f10;  1 drivers
L_0000025c154fc128 .functor BUFT 1, C4<00000>, C4<0>, C4<0>, C4<0>;
v0000025c154f8150_0 .net/2u *"_ivl_16", 4 0, L_0000025c154fc128;  1 drivers
v0000025c154f8f10_0 .net *"_ivl_18", 0 0, L_0000025c154fb420;  1 drivers
v0000025c154f8290_0 .net *"_ivl_2", 0 0, L_0000025c154fb100;  1 drivers
v0000025c154f8510_0 .net *"_ivl_21", 0 0, L_0000025c15100a40;  1 drivers
v0000025c154f8b50_0 .net *"_ivl_22", 0 0, L_0000025c154fa520;  1 drivers
v0000025c154f9910_0 .net *"_ivl_24", 0 0, L_0000025c154fa660;  1 drivers
v0000025c154f8c90_0 .net *"_ivl_27", 0 0, L_0000025c15100e30;  1 drivers
v0000025c154f9c30_0 .net *"_ivl_29", 0 0, L_0000025c15100d50;  1 drivers
v0000025c154f85b0_0 .net *"_ivl_31", 0 0, L_0000025c151013e0;  1 drivers
v0000025c154f8330_0 .net *"_ivl_5", 0 0, L_0000025c15100b20;  1 drivers
v0000025c154f83d0_0 .net *"_ivl_8", 0 0, L_0000025c154fa200;  1 drivers
v0000025c154f9af0_0 .net "branch_D", 0 0, L_0000025c154fae80;  alias, 1 drivers
v0000025c154f9d70_0 .net "branchstall", 0 0, L_0000025c15100ab0;  1 drivers
v0000025c154f9730_0 .net "flush_E", 0 0, L_0000025c15101060;  alias, 1 drivers
v0000025c154f97d0_0 .var "forward_a_D", 1 0;
v0000025c154f99b0_0 .var "forward_a_E", 1 0;
v0000025c154f9ff0_0 .var "forward_b_D", 1 0;
v0000025c154f8bf0_0 .var "forward_b_E", 1 0;
v0000025c154f8470_0 .net "lwstall", 0 0, L_0000025c15100ce0;  1 drivers
v0000025c154f8650_0 .net "mem_to_reg_E", 0 0, v0000025c154f4950_0;  alias, 1 drivers
v0000025c154f90f0_0 .net "mem_to_reg_M", 0 0, L_0000025c15559850;  alias, 1 drivers
v0000025c154f86f0_0 .net "reg_write_E", 0 0, v0000025c154f7900_0;  alias, 1 drivers
v0000025c154f8d30_0 .net "reg_write_M", 0 0, v0000025c154f6140_0;  alias, 1 drivers
v0000025c154f9eb0_0 .net "reg_write_W", 0 0, L_0000025c15559f50;  alias, 1 drivers
v0000025c154f92d0_0 .net "rs_D", 4 0, L_0000025c155559f0;  alias, 1 drivers
v0000025c154f9e10_0 .net "rs_E", 4 0, L_0000025c15101370;  alias, 1 drivers
v0000025c154f9f50_0 .net "rt_D", 4 0, L_0000025c15554a50;  alias, 1 drivers
v0000025c154f9a50_0 .net "rt_E", 4 0, v0000025c154f6e60_0;  alias, 1 drivers
v0000025c154f9410_0 .net "stall_D", 0 0, L_0000025c15101610;  alias, 1 drivers
v0000025c154f9370_0 .net "stall_F", 0 0, L_0000025c15101450;  alias, 1 drivers
v0000025c154f8790_0 .net "write_reg_E", 4 0, L_0000025c15100960;  alias, 1 drivers
v0000025c154f8a10_0 .net "write_reg_M", 4 0, v0000025c154f6b40_0;  alias, 1 drivers
v0000025c154f8830_0 .net "write_reg_W", 4 0, L_0000025c15559e00;  alias, 1 drivers
E_0000025c150e8fd0/0 .event anyedge, v0000025c154f7fe0_0, v0000025c154f7d60_0, v0000025c154f7ae0_0, v0000025c154f77c0_0;
E_0000025c150e8fd0/1 .event anyedge, v0000025c154f7040_0, v0000025c154f6a00_0;
E_0000025c150e8fd0 .event/or E_0000025c150e8fd0/0, E_0000025c150e8fd0/1;
E_0000025c150e9090/0 .event anyedge, v0000025c154f7fe0_0, v0000025c154f7d60_0, v0000025c154f68c0_0, v0000025c154f77c0_0;
E_0000025c150e9090/1 .event anyedge, v0000025c154f7040_0, v0000025c154f70e0_0;
E_0000025c150e9090 .event/or E_0000025c150e9090/0, E_0000025c150e9090/1;
L_0000025c154fb4c0 .cmp/eq 5, L_0000025c15100960, L_0000025c155559f0;
L_0000025c154fb100 .cmp/eq 5, L_0000025c15100960, L_0000025c15554a50;
L_0000025c154fa200 .cmp/eq 5, L_0000025c15100960, L_0000025c155559f0;
L_0000025c154fa2a0 .cmp/eq 5, L_0000025c15100960, L_0000025c15554a50;
L_0000025c154fb420 .cmp/ne 5, v0000025c154f6b40_0, L_0000025c154fc128;
L_0000025c154fa520 .cmp/eq 5, v0000025c154f6b40_0, L_0000025c155559f0;
L_0000025c154fa660 .cmp/eq 5, v0000025c154f6b40_0, L_0000025c15554a50;
    .scope S_0000025c150920e0;
T_0 ;
    %wait E_0000025c150e8750;
    %load/vec4 v0000025c1510c210_0;
    %dup/vec4;
    %pushi/vec4 0, 0, 6;
    %cmp/u;
    %jmp/1 T_0.0, 6;
    %dup/vec4;
    %pushi/vec4 35, 0, 6;
    %cmp/u;
    %jmp/1 T_0.1, 6;
    %dup/vec4;
    %pushi/vec4 43, 0, 6;
    %cmp/u;
    %jmp/1 T_0.2, 6;
    %dup/vec4;
    %pushi/vec4 4, 0, 6;
    %cmp/u;
    %jmp/1 T_0.3, 6;
    %dup/vec4;
    %pushi/vec4 5, 0, 6;
    %cmp/u;
    %jmp/1 T_0.4, 6;
    %dup/vec4;
    %pushi/vec4 8, 0, 6;
    %cmp/u;
    %jmp/1 T_0.5, 6;
    %dup/vec4;
    %pushi/vec4 2, 0, 6;
    %cmp/u;
    %jmp/1 T_0.6, 6;
    %pushi/vec4 0, 0, 10;
    %store/vec4 v0000025c1510a690_0, 0, 10;
    %jmp T_0.8;
T_0.0 ;
    %pushi/vec4 386, 0, 10;
    %store/vec4 v0000025c1510a690_0, 0, 10;
    %jmp T_0.8;
T_0.1 ;
    %pushi/vec4 328, 0, 10;
    %store/vec4 v0000025c1510a690_0, 0, 10;
    %jmp T_0.8;
T_0.2 ;
    %pushi/vec4 80, 0, 10;
    %store/vec4 v0000025c1510a690_0, 0, 10;
    %jmp T_0.8;
T_0.3 ;
    %pushi/vec4 33, 0, 10;
    %store/vec4 v0000025c1510a690_0, 0, 10;
    %jmp T_0.8;
T_0.4 ;
    %pushi/vec4 33, 0, 10;
    %store/vec4 v0000025c1510a690_0, 0, 10;
    %jmp T_0.8;
T_0.5 ;
    %pushi/vec4 320, 0, 10;
    %store/vec4 v0000025c1510a690_0, 0, 10;
    %jmp T_0.8;
T_0.6 ;
    %pushi/vec4 4, 0, 10;
    %store/vec4 v0000025c1510a690_0, 0, 10;
    %jmp T_0.8;
T_0.8 ;
    %pop/vec4 1;
    %jmp T_0;
    .thread T_0, $push;
    .scope S_0000025c150be2d0;
T_1 ;
    %wait E_0000025c150e8d10;
    %load/vec4 v0000025c1510ae10_0;
    %dup/vec4;
    %pushi/vec4 0, 0, 2;
    %cmp/u;
    %jmp/1 T_1.0, 6;
    %dup/vec4;
    %pushi/vec4 1, 0, 2;
    %cmp/u;
    %jmp/1 T_1.1, 6;
    %dup/vec4;
    %pushi/vec4 2, 0, 2;
    %cmp/u;
    %jmp/1 T_1.2, 6;
    %pushi/vec4 0, 0, 3;
    %store/vec4 v0000025c1510ba90_0, 0, 3;
    %jmp T_1.4;
T_1.0 ;
    %pushi/vec4 2, 0, 3;
    %store/vec4 v0000025c1510ba90_0, 0, 3;
    %jmp T_1.4;
T_1.1 ;
    %pushi/vec4 6, 0, 3;
    %store/vec4 v0000025c1510ba90_0, 0, 3;
    %jmp T_1.4;
T_1.2 ;
    %load/vec4 v0000025c1510b3b0_0;
    %dup/vec4;
    %pushi/vec4 32, 0, 6;
    %cmp/u;
    %jmp/1 T_1.5, 6;
    %dup/vec4;
    %pushi/vec4 34, 0, 6;
    %cmp/u;
    %jmp/1 T_1.6, 6;
    %dup/vec4;
    %pushi/vec4 36, 0, 6;
    %cmp/u;
    %jmp/1 T_1.7, 6;
    %dup/vec4;
    %pushi/vec4 37, 0, 6;
    %cmp/u;
    %jmp/1 T_1.8, 6;
    %dup/vec4;
    %pushi/vec4 42, 0, 6;
    %cmp/u;
    %jmp/1 T_1.9, 6;
    %pushi/vec4 2, 0, 3;
    %store/vec4 v0000025c1510ba90_0, 0, 3;
    %jmp T_1.11;
T_1.5 ;
    %pushi/vec4 2, 0, 3;
    %store/vec4 v0000025c1510ba90_0, 0, 3;
    %jmp T_1.11;
T_1.6 ;
    %pushi/vec4 6, 0, 3;
    %store/vec4 v0000025c1510ba90_0, 0, 3;
    %jmp T_1.11;
T_1.7 ;
    %pushi/vec4 0, 0, 3;
    %store/vec4 v0000025c1510ba90_0, 0, 3;
    %jmp T_1.11;
T_1.8 ;
    %pushi/vec4 1, 0, 3;
    %store/vec4 v0000025c1510ba90_0, 0, 3;
    %jmp T_1.11;
T_1.9 ;
    %pushi/vec4 7, 0, 3;
    %store/vec4 v0000025c1510ba90_0, 0, 3;
    %jmp T_1.11;
T_1.11 ;
    %pop/vec4 1;
    %jmp T_1.4;
T_1.4 ;
    %pop/vec4 1;
    %jmp T_1;
    .thread T_1, $push;
    .scope S_0000025c150837c0;
T_2 ;
    %wait E_0000025c150e9090;
    %load/vec4 v0000025c154f8d30_0;
    %flag_set/vec4 10;
    %flag_get/vec4 10;
    %jmp/0 T_2.3, 10;
    %load/vec4 v0000025c154f8a10_0;
    %pad/u 32;
    %pushi/vec4 0, 0, 32;
    %cmp/ne;
    %flag_get/vec4 4;
    %and;
T_2.3;
    %flag_set/vec4 9;
    %flag_get/vec4 9;
    %jmp/0 T_2.2, 9;
    %load/vec4 v0000025c154f8a10_0;
    %load/vec4 v0000025c154f9e10_0;
    %cmp/e;
    %flag_get/vec4 4;
    %and;
T_2.2;
    %flag_set/vec4 8;
    %jmp/0xz  T_2.0, 8;
    %pushi/vec4 2, 0, 2;
    %store/vec4 v0000025c154f99b0_0, 0, 2;
    %jmp T_2.1;
T_2.0 ;
    %load/vec4 v0000025c154f9eb0_0;
    %flag_set/vec4 10;
    %flag_get/vec4 10;
    %jmp/0 T_2.7, 10;
    %load/vec4 v0000025c154f8830_0;
    %pad/u 32;
    %pushi/vec4 0, 0, 32;
    %cmp/ne;
    %flag_get/vec4 4;
    %and;
T_2.7;
    %flag_set/vec4 9;
    %flag_get/vec4 9;
    %jmp/0 T_2.6, 9;
    %load/vec4 v0000025c154f8830_0;
    %load/vec4 v0000025c154f9e10_0;
    %cmp/e;
    %flag_get/vec4 4;
    %and;
T_2.6;
    %flag_set/vec4 8;
    %jmp/0xz  T_2.4, 8;
    %pushi/vec4 1, 0, 2;
    %store/vec4 v0000025c154f99b0_0, 0, 2;
    %jmp T_2.5;
T_2.4 ;
    %pushi/vec4 0, 0, 2;
    %store/vec4 v0000025c154f99b0_0, 0, 2;
T_2.5 ;
T_2.1 ;
    %load/vec4 v0000025c154f8d30_0;
    %flag_set/vec4 10;
    %flag_get/vec4 10;
    %jmp/0 T_2.11, 10;
    %load/vec4 v0000025c154f8a10_0;
    %pad/u 32;
    %pushi/vec4 0, 0, 32;
    %cmp/ne;
    %flag_get/vec4 4;
    %and;
T_2.11;
    %flag_set/vec4 9;
    %flag_get/vec4 9;
    %jmp/0 T_2.10, 9;
    %load/vec4 v0000025c154f8a10_0;
    %load/vec4 v0000025c154f9a50_0;
    %cmp/e;
    %flag_get/vec4 4;
    %and;
T_2.10;
    %flag_set/vec4 8;
    %jmp/0xz  T_2.8, 8;
    %pushi/vec4 2, 0, 2;
    %store/vec4 v0000025c154f8bf0_0, 0, 2;
    %jmp T_2.9;
T_2.8 ;
    %load/vec4 v0000025c154f9eb0_0;
    %flag_set/vec4 10;
    %flag_get/vec4 10;
    %jmp/0 T_2.15, 10;
    %load/vec4 v0000025c154f8830_0;
    %pad/u 32;
    %pushi/vec4 0, 0, 32;
    %cmp/ne;
    %flag_get/vec4 4;
    %and;
T_2.15;
    %flag_set/vec4 9;
    %flag_get/vec4 9;
    %jmp/0 T_2.14, 9;
    %load/vec4 v0000025c154f8830_0;
    %load/vec4 v0000025c154f9a50_0;
    %cmp/e;
    %flag_get/vec4 4;
    %and;
T_2.14;
    %flag_set/vec4 8;
    %jmp/0xz  T_2.12, 8;
    %pushi/vec4 1, 0, 2;
    %store/vec4 v0000025c154f8bf0_0, 0, 2;
    %jmp T_2.13;
T_2.12 ;
    %pushi/vec4 0, 0, 2;
    %store/vec4 v0000025c154f8bf0_0, 0, 2;
T_2.13 ;
T_2.9 ;
    %jmp T_2;
    .thread T_2, $push;
    .scope S_0000025c150837c0;
T_3 ;
    %wait E_0000025c150e8fd0;
    %load/vec4 v0000025c154f8d30_0;
    %flag_set/vec4 10;
    %flag_get/vec4 10;
    %jmp/0 T_3.3, 10;
    %load/vec4 v0000025c154f8a10_0;
    %pad/u 32;
    %pushi/vec4 0, 0, 32;
    %cmp/ne;
    %flag_get/vec4 4;
    %and;
T_3.3;
    %flag_set/vec4 9;
    %flag_get/vec4 9;
    %jmp/0 T_3.2, 9;
    %load/vec4 v0000025c154f8a10_0;
    %load/vec4 v0000025c154f92d0_0;
    %cmp/e;
    %flag_get/vec4 4;
    %and;
T_3.2;
    %flag_set/vec4 8;
    %jmp/0xz  T_3.0, 8;
    %pushi/vec4 2, 0, 2;
    %store/vec4 v0000025c154f97d0_0, 0, 2;
    %jmp T_3.1;
T_3.0 ;
    %load/vec4 v0000025c154f9eb0_0;
    %flag_set/vec4 10;
    %flag_get/vec4 10;
    %jmp/0 T_3.7, 10;
    %load/vec4 v0000025c154f8830_0;
    %pad/u 32;
    %pushi/vec4 0, 0, 32;
    %cmp/ne;
    %flag_get/vec4 4;
    %and;
T_3.7;
    %flag_set/vec4 9;
    %flag_get/vec4 9;
    %jmp/0 T_3.6, 9;
    %load/vec4 v0000025c154f8830_0;
    %load/vec4 v0000025c154f92d0_0;
    %cmp/e;
    %flag_get/vec4 4;
    %and;
T_3.6;
    %flag_set/vec4 8;
    %jmp/0xz  T_3.4, 8;
    %pushi/vec4 1, 0, 2;
    %store/vec4 v0000025c154f97d0_0, 0, 2;
    %jmp T_3.5;
T_3.4 ;
    %pushi/vec4 0, 0, 2;
    %store/vec4 v0000025c154f97d0_0, 0, 2;
T_3.5 ;
T_3.1 ;
    %load/vec4 v0000025c154f8d30_0;
    %flag_set/vec4 10;
    %flag_get/vec4 10;
    %jmp/0 T_3.11, 10;
    %load/vec4 v0000025c154f8a10_0;
    %pad/u 32;
    %pushi/vec4 0, 0, 32;
    %cmp/ne;
    %flag_get/vec4 4;
    %and;
T_3.11;
    %flag_set/vec4 9;
    %flag_get/vec4 9;
    %jmp/0 T_3.10, 9;
    %load/vec4 v0000025c154f8a10_0;
    %load/vec4 v0000025c154f9f50_0;
    %cmp/e;
    %flag_get/vec4 4;
    %and;
T_3.10;
    %flag_set/vec4 8;
    %jmp/0xz  T_3.8, 8;
    %pushi/vec4 2, 0, 2;
    %store/vec4 v0000025c154f9ff0_0, 0, 2;
    %jmp T_3.9;
T_3.8 ;
    %load/vec4 v0000025c154f9eb0_0;
    %flag_set/vec4 10;
    %flag_get/vec4 10;
    %jmp/0 T_3.15, 10;
    %load/vec4 v0000025c154f8830_0;
    %pad/u 32;
    %pushi/vec4 0, 0, 32;
    %cmp/ne;
    %flag_get/vec4 4;
    %and;
T_3.15;
    %flag_set/vec4 9;
    %flag_get/vec4 9;
    %jmp/0 T_3.14, 9;
    %load/vec4 v0000025c154f8830_0;
    %load/vec4 v0000025c154f9f50_0;
    %cmp/e;
    %flag_get/vec4 4;
    %and;
T_3.14;
    %flag_set/vec4 8;
    %jmp/0xz  T_3.12, 8;
    %pushi/vec4 1, 0, 2;
    %store/vec4 v0000025c154f9ff0_0, 0, 2;
    %jmp T_3.13;
T_3.12 ;
    %pushi/vec4 0, 0, 2;
    %store/vec4 v0000025c154f9ff0_0, 0, 2;
T_3.13 ;
T_3.9 ;
    %jmp T_3;
    .thread T_3, $push;
    .scope S_0000025c150cbdb0;
T_4 ;
    %wait E_0000025c150e8f90;
    %load/vec4 v0000025c154f0b10_0;
    %nor/r;
    %flag_set/vec4 8;
    %jmp/0xz  T_4.0, 8;
    %pushi/vec4 0, 0, 32;
    %assign/vec4 v0000025c154f1510_0, 0;
    %jmp T_4.1;
T_4.0 ;
    %load/vec4 v0000025c154f1a10_0;
    %flag_set/vec4 8;
    %jmp/0xz  T_4.2, 8;
    %load/vec4 v0000025c154f0cf0_0;
    %assign/vec4 v0000025c154f1510_0, 0;
T_4.2 ;
T_4.1 ;
    %jmp T_4;
    .thread T_4;
    .scope S_0000025c15099df0;
T_5 ;
    %vpi_call 10 20 "$readmemh", "memfile.dat", v0000025c154f0ed0 {0 0 0};
    %end;
    .thread T_5;
    .scope S_0000025c150cbf40;
T_6 ;
    %pushi/vec4 0, 0, 32;
    %store/vec4 v0000025c154f0930_0, 0, 32;
T_6.0 ;
    %load/vec4 v0000025c154f0930_0;
    %cmpi/s 32, 0, 32;
    %jmp/0xz T_6.1, 5;
    %pushi/vec4 0, 0, 32;
    %ix/getv/s 4, v0000025c154f0930_0;
    %store/vec4a v0000025c154f06b0, 4, 0;
    %load/vec4 v0000025c154f0930_0;
    %addi 1, 0, 32;
    %store/vec4 v0000025c154f0930_0, 0, 32;
    %jmp T_6.0;
T_6.1 ;
    %end;
    .thread T_6;
    .scope S_0000025c150cbf40;
T_7 ;
    %wait E_0000025c150e8690;
    %load/vec4 v0000025c154f0d90_0;
    %flag_set/vec4 9;
    %flag_get/vec4 9;
    %jmp/0 T_7.2, 9;
    %load/vec4 v0000025c154f0bb0_0;
    %pushi/vec4 0, 0, 5;
    %cmp/ne;
    %flag_get/vec4 4;
    %and;
T_7.2;
    %flag_set/vec4 8;
    %jmp/0xz  T_7.0, 8;
    %load/vec4 v0000025c154f01b0_0;
    %load/vec4 v0000025c154f0bb0_0;
    %pad/u 7;
    %ix/vec4 3;
    %ix/load 4, 0, 0; Constant delay
    %assign/vec4/a/d v0000025c154f06b0, 0, 4;
T_7.0 ;
    %jmp T_7;
    .thread T_7;
    .scope S_0000025c15085950;
T_8 ;
    %wait E_0000025c150e8850;
    %load/vec4 v0000025c1510bc70_0;
    %dup/vec4;
    %pushi/vec4 0, 0, 3;
    %cmp/u;
    %jmp/1 T_8.0, 6;
    %dup/vec4;
    %pushi/vec4 1, 0, 3;
    %cmp/u;
    %jmp/1 T_8.1, 6;
    %dup/vec4;
    %pushi/vec4 2, 0, 3;
    %cmp/u;
    %jmp/1 T_8.2, 6;
    %dup/vec4;
    %pushi/vec4 6, 0, 3;
    %cmp/u;
    %jmp/1 T_8.3, 6;
    %dup/vec4;
    %pushi/vec4 7, 0, 3;
    %cmp/u;
    %jmp/1 T_8.4, 6;
    %pushi/vec4 0, 0, 32;
    %store/vec4 v0000025c1510c2b0_0, 0, 32;
    %jmp T_8.6;
T_8.0 ;
    %load/vec4 v0000025c1510c350_0;
    %load/vec4 v0000025c1510af50_0;
    %and;
    %store/vec4 v0000025c1510c2b0_0, 0, 32;
    %jmp T_8.6;
T_8.1 ;
    %load/vec4 v0000025c1510c350_0;
    %load/vec4 v0000025c1510af50_0;
    %or;
    %store/vec4 v0000025c1510c2b0_0, 0, 32;
    %jmp T_8.6;
T_8.2 ;
    %load/vec4 v0000025c1510c350_0;
    %load/vec4 v0000025c1510af50_0;
    %add;
    %store/vec4 v0000025c1510c2b0_0, 0, 32;
    %jmp T_8.6;
T_8.3 ;
    %load/vec4 v0000025c1510c350_0;
    %load/vec4 v0000025c1510af50_0;
    %sub;
    %store/vec4 v0000025c1510c2b0_0, 0, 32;
    %jmp T_8.6;
T_8.4 ;
    %load/vec4 v0000025c1510c350_0;
    %load/vec4 v0000025c1510af50_0;
    %cmp/s;
    %flag_get/vec4 5;
    %pad/u 32;
    %store/vec4 v0000025c1510c2b0_0, 0, 32;
    %jmp T_8.6;
T_8.6 ;
    %pop/vec4 1;
    %jmp T_8;
    .thread T_8, $push;
    .scope S_0000025c15099c60;
T_9 ;
    %wait E_0000025c150e8f10;
    %load/vec4 v0000025c1510b1d0_0;
    %flag_set/vec4 8;
    %jmp/0xz  T_9.0, 8;
    %load/vec4 v0000025c1510a9b0_0;
    %dup/vec4;
    %pushi/vec4 148, 0, 32;
    %cmp/u;
    %jmp/1 T_9.2, 6;
    %load/vec4 v0000025c1510b9f0_0;
    %load/vec4 v0000025c1510a9b0_0;
    %parti/s 6, 2, 3;
    %pad/u 8;
    %ix/vec4 3;
    %ix/load 4, 0, 0; Constant delay
    %assign/vec4/a/d v0000025c1510b310, 0, 4;
    %jmp T_9.4;
T_9.2 ;
    %load/vec4 v0000025c1510b9f0_0;
    %parti/s 8, 0, 2;
    %assign/vec4 v0000025c1510b630_0, 0;
    %jmp T_9.4;
T_9.4 ;
    %pop/vec4 1;
    %load/vec4 v0000025c1510a9b0_0;
    %cmpi/e 148, 0, 32;
    %jmp/0xz  T_9.5, 4;
    %vpi_call 9 45 "$display", "MMIO WRITE: LEDs Updated to %b (0x%h)", &PV<v0000025c1510b9f0_0, 0, 8>, &PV<v0000025c1510b9f0_0, 0, 8> {0 0 0};
T_9.5 ;
T_9.0 ;
    %jmp T_9;
    .thread T_9;
    .scope S_0000025c15099c60;
T_10 ;
    %wait E_0000025c150e8ed0;
    %load/vec4 v0000025c1510a9b0_0;
    %dup/vec4;
    %pushi/vec4 144, 0, 32;
    %cmp/u;
    %jmp/1 T_10.0, 6;
    %dup/vec4;
    %pushi/vec4 148, 0, 32;
    %cmp/u;
    %jmp/1 T_10.1, 6;
    %load/vec4 v0000025c1510b4f0_0;
    %store/vec4 v0000025c1510b770_0, 0, 32;
    %jmp T_10.3;
T_10.0 ;
    %pushi/vec4 0, 0, 24;
    %load/vec4 v0000025c1510b8b0_0;
    %concat/vec4; draw_concat_vec4
    %store/vec4 v0000025c1510b770_0, 0, 32;
    %jmp T_10.3;
T_10.1 ;
    %pushi/vec4 0, 0, 24;
    %load/vec4 v0000025c1510b630_0;
    %concat/vec4; draw_concat_vec4
    %store/vec4 v0000025c1510b770_0, 0, 32;
    %jmp T_10.3;
T_10.3 ;
    %pop/vec4 1;
    %jmp T_10;
    .thread T_10, $push;
    .scope S_0000025c15099c60;
T_11 ;
    %pushi/vec4 0, 0, 8;
    %store/vec4 v0000025c1510b630_0, 0, 8;
    %end;
    .thread T_11;
    .scope S_0000025c15092270;
T_12 ;
    %wait E_0000025c150e8f90;
    %load/vec4 v0000025c154f72c0_0;
    %nor/r;
    %flag_set/vec4 8;
    %jmp/1 T_12.2, 8;
    %load/vec4 v0000025c154f6780_0;
    %flag_set/vec4 9;
    %flag_or 8, 9;
T_12.2;
    %jmp/0xz  T_12.0, 8;
    %pushi/vec4 0, 0, 32;
    %assign/vec4 v0000025c154f5030_0, 0;
    %pushi/vec4 0, 0, 32;
    %assign/vec4 v0000025c154f6320_0, 0;
    %jmp T_12.1;
T_12.0 ;
    %load/vec4 v0000025c154f7680_0;
    %nor/r;
    %flag_set/vec4 8;
    %jmp/0xz  T_12.3, 8;
    %load/vec4 v0000025c154f4e50_0;
    %assign/vec4 v0000025c154f5030_0, 0;
    %load/vec4 v0000025c154f7cc0_0;
    %assign/vec4 v0000025c154f6320_0, 0;
T_12.3 ;
T_12.1 ;
    %jmp T_12;
    .thread T_12;
    .scope S_0000025c15092270;
T_13 ;
    %wait E_0000025c150e8f90;
    %load/vec4 v0000025c154f72c0_0;
    %nor/r;
    %flag_set/vec4 8;
    %jmp/1 T_13.3, 8;
    %load/vec4 v0000025c154f4770_0;
    %flag_set/vec4 9;
    %flag_or 8, 9;
T_13.3;
    %jmp/1 T_13.2, 8;
    %load/vec4 v0000025c154f6780_0;
    %flag_set/vec4 9;
    %flag_or 8, 9;
T_13.2;
    %jmp/0xz  T_13.0, 8;
    %pushi/vec4 0, 0, 5;
    %split/vec4 1;
    %assign/vec4 v0000025c154f7e00_0, 0;
    %split/vec4 1;
    %assign/vec4 v0000025c154f5df0_0, 0;
    %split/vec4 1;
    %assign/vec4 v0000025c154f53f0_0, 0;
    %split/vec4 1;
    %assign/vec4 v0000025c154f4950_0, 0;
    %assign/vec4 v0000025c154f7900_0, 0;
    %pushi/vec4 0, 0, 3;
    %assign/vec4 v0000025c154f5530_0, 0;
    %pushi/vec4 0, 0, 96;
    %split/vec4 32;
    %assign/vec4 v0000025c154f7f40_0, 0;
    %split/vec4 32;
    %assign/vec4 v0000025c154f6460_0, 0;
    %assign/vec4 v0000025c154f7ea0_0, 0;
    %pushi/vec4 0, 0, 15;
    %split/vec4 5;
    %assign/vec4 v0000025c154f6960_0, 0;
    %split/vec4 5;
    %assign/vec4 v0000025c154f6e60_0, 0;
    %assign/vec4 v0000025c154f7180_0, 0;
    %jmp T_13.1;
T_13.0 ;
    %load/vec4 v0000025c154f6dc0_0;
    %assign/vec4 v0000025c154f7900_0, 0;
    %load/vec4 v0000025c154f52b0_0;
    %assign/vec4 v0000025c154f4950_0, 0;
    %load/vec4 v0000025c154f58f0_0;
    %assign/vec4 v0000025c154f53f0_0, 0;
    %load/vec4 v0000025c154f5ad0_0;
    %assign/vec4 v0000025c154f5530_0, 0;
    %load/vec4 v0000025c154f5710_0;
    %assign/vec4 v0000025c154f5df0_0, 0;
    %load/vec4 v0000025c154f7220_0;
    %assign/vec4 v0000025c154f7e00_0, 0;
    %load/vec4 v0000025c154f6f00_0;
    %assign/vec4 v0000025c154f7ea0_0, 0;
    %load/vec4 v0000025c154f65a0_0;
    %assign/vec4 v0000025c154f6460_0, 0;
    %load/vec4 v0000025c154f7400_0;
    %assign/vec4 v0000025c154f7f40_0, 0;
    %load/vec4 v0000025c154f7ae0_0;
    %assign/vec4 v0000025c154f7180_0, 0;
    %load/vec4 v0000025c154f6a00_0;
    %assign/vec4 v0000025c154f6e60_0, 0;
    %load/vec4 v0000025c154f4810_0;
    %parti/s 5, 11, 5;
    %assign/vec4 v0000025c154f6960_0, 0;
T_13.1 ;
    %jmp T_13;
    .thread T_13;
    .scope S_0000025c15092270;
T_14 ;
    %wait E_0000025c150e8f90;
    %load/vec4 v0000025c154f72c0_0;
    %nor/r;
    %flag_set/vec4 8;
    %jmp/0xz  T_14.0, 8;
    %pushi/vec4 0, 0, 3;
    %split/vec4 1;
    %assign/vec4 v0000025c154f5850_0, 0;
    %split/vec4 1;
    %assign/vec4 v0000025c154f50d0_0, 0;
    %assign/vec4 v0000025c154f6140_0, 0;
    %pushi/vec4 0, 0, 64;
    %split/vec4 32;
    %assign/vec4 v0000025c154f7720_0, 0;
    %assign/vec4 v0000025c154f5f30_0, 0;
    %pushi/vec4 0, 0, 5;
    %assign/vec4 v0000025c154f6b40_0, 0;
    %jmp T_14.1;
T_14.0 ;
    %load/vec4 v0000025c154f7900_0;
    %assign/vec4 v0000025c154f6140_0, 0;
    %load/vec4 v0000025c154f4950_0;
    %assign/vec4 v0000025c154f50d0_0, 0;
    %load/vec4 v0000025c154f53f0_0;
    %assign/vec4 v0000025c154f5850_0, 0;
    %load/vec4 v0000025c154f4ef0_0;
    %assign/vec4 v0000025c154f5f30_0, 0;
    %load/vec4 v0000025c154f61e0_0;
    %assign/vec4 v0000025c154f7720_0, 0;
    %load/vec4 v0000025c154f66e0_0;
    %assign/vec4 v0000025c154f6b40_0, 0;
T_14.1 ;
    %jmp T_14;
    .thread T_14;
    .scope S_0000025c15092270;
T_15 ;
    %wait E_0000025c150e8f90;
    %load/vec4 v0000025c154f72c0_0;
    %nor/r;
    %flag_set/vec4 8;
    %jmp/0xz  T_15.0, 8;
    %pushi/vec4 0, 0, 2;
    %split/vec4 1;
    %assign/vec4 v0000025c154f5170_0, 0;
    %assign/vec4 v0000025c154f79a0_0, 0;
    %pushi/vec4 0, 0, 64;
    %split/vec4 32;
    %assign/vec4 v0000025c154f5350_0, 0;
    %assign/vec4 v0000025c154f7360_0, 0;
    %pushi/vec4 0, 0, 5;
    %assign/vec4 v0000025c154f6be0_0, 0;
    %jmp T_15.1;
T_15.0 ;
    %load/vec4 v0000025c154f6140_0;
    %assign/vec4 v0000025c154f79a0_0, 0;
    %load/vec4 v0000025c154f50d0_0;
    %assign/vec4 v0000025c154f5170_0, 0;
    %load/vec4 v0000025c154f7b80_0;
    %assign/vec4 v0000025c154f7360_0, 0;
    %load/vec4 v0000025c154f5f30_0;
    %assign/vec4 v0000025c154f5350_0, 0;
    %load/vec4 v0000025c154f6b40_0;
    %assign/vec4 v0000025c154f6be0_0, 0;
T_15.1 ;
    %jmp T_15;
    .thread T_15;
    .scope S_0000025c15109ce0;
T_16 ;
    %pushi/vec4 0, 0, 1;
    %store/vec4 v0000025c154fc000_0, 0, 1;
T_16.0 ;
    %delay 5000, 0;
    %load/vec4 v0000025c154fc000_0;
    %inv;
    %store/vec4 v0000025c154fc000_0, 0, 1;
    %jmp T_16.0;
    %end;
    .thread T_16;
    .scope S_0000025c15109ce0;
T_17 ;
    %vpi_call 2 42 "$dumpfile", "mips.vcd" {0 0 0};
    %vpi_call 2 43 "$dumpvars", 32'sb00000000000000000000000000000000, S_0000025c15109ce0 {0 0 0};
    %end;
    .thread T_17;
    .scope S_0000025c15109ce0;
T_18 ;
    %pushi/vec4 0, 0, 1;
    %store/vec4 v0000025c154fa160_0, 0, 1;
    %pushi/vec4 0, 0, 8;
    %store/vec4 v0000025c154fa700_0, 0, 8;
    %delay 15000, 0;
    %pushi/vec4 1, 0, 1;
    %store/vec4 v0000025c154fa160_0, 0, 1;
    %vpi_call 2 54 "$display", "===========================================" {0 0 0};
    %vpi_call 2 55 "$display", "   MIPS Class 11: Basic MMIO Simulation    " {0 0 0};
    %vpi_call 2 56 "$display", "===========================================" {0 0 0};
    %delay 100000, 0;
    %pushi/vec4 0, 0, 8;
    %store/vec4 v0000025c154fa700_0, 0, 8;
    %vpi_call 2 61 "$display", "TEST: Switch Input Set to 0xAA" {0 0 0};
    %delay 1000000, 0;
    %pushi/vec4 0, 0, 8;
    %store/vec4 v0000025c154fa700_0, 0, 8;
    %vpi_call 2 68 "$display", "TEST: Switch Input Set to 0x55" {0 0 0};
    %delay 1000000, 0;
    %vpi_call 2 72 "$display", "===========================================" {0 0 0};
    %vpi_call 2 73 "$display", "   Simulation Complete                   " {0 0 0};
    %vpi_call 2 74 "$display", "===========================================" {0 0 0};
    %vpi_call 2 75 "$finish" {0 0 0};
    %end;
    .thread T_18;
# The file index is used to find the file name in the following table.
:file_names 14;
    "N/A";
    "<interactive>";
    "mips_tb.v";
    "mips.v";
    "control_unit.v";
    "alu_decoder.v";
    "main_decoder.v";
    "datapath.v";
    "alu.v";
    "data_memory.v";
    "instruction_memory.v";
    "pc.v";
    "reg_file.v";
    "hazard_unit.v";
